@startuml
' FlowViews::driveView — action rendering (render asInterconnectionDiagram, view def ActionFlowView)
<style>
root {
  BackGroundColor white
  FontName SansSerif
  FontSize 14
  FontColor black
  LineColor #181818
  HorizontalAlignment left
}
element {
  BackGroundColor white
  LineColor #181818
  LineThickness 0.5
  RoundCorner 0
  Shadowing 0.0
}
start, end, activityBar {
  BackGroundColor black
}
arrow {
  LineColor #181818
  LineThickness 1
  FontSize 13
}
note {
  BackGroundColor #FEFFDD
  FontSize 13
}
.usage {
  RoundCorner 20
}
.package {
  LineThickness 1.5
}
.region {
  LineStyle 4
}
</style>
skinparam wrapWidth 300
hide stereotype
hide empty description
state "**Drive**\n<size:10>//«action def»//</size>" as n0 <<action def>> {
  state "**initial**" as n1 <<start>>
  state "**provide : Provide**\n<size:10>//«action»//</size>" as n2 <<action>> <<usage>>
  state "**monitor**\n<size:10>//«action»//</size>\nown flow" as n3 <<action>> <<usage>> {
    state "**initial**" as n4 <<start>>
    state "**record**\n<size:10>//«action»//</size>" as n5 <<action>> <<usage>>
  }
  state "**tally**\n<size:10>//«action»//</size>" as n6 <<action>> <<usage>>
  state "**split**\n<size:10>//«fork»//</size>" as n7 <<fork>>
  state "**sync**\n<size:10>//«join»//</size>" as n8 <<join>>
  state "**final**" as n9 <<end>>
  state "**park**\n<size:10>//«action»//</size>" as n10 <<action>> <<usage>>
  state "**check**\n<size:10>//«decision»//</size>" as n11 <<choice>>
}
n4 --> n5
n1 --> n7
n2 --> n8
n2 -[dashed]-> n3 : torque to reading
n3 --> n8
n6 --> n8
n7 --> n2
n7 --> n3
n7 --> n6
n8 --> n11
n10 --> n9
n11 --> n9 : [speed <U+003E> 0]
n11 --> n10
@enduml
