GeneralViews::packageView - package rendering (view def GeneralView, filter @Package)

package VehicleStructure
package VehicleStructure::Powertrain
package VehicleRequirements
package VehicleVerification
package GeneralViews

relationships:
  VehicleStructure +-- VehicleStructure::Powertrain
  VehicleRequirements ..> VehicleStructure: private import ::*
  VehicleVerification ..> VehicleStructure: private import ::*
  VehicleVerification ..> VehicleStructure::Powertrain: private import ::*
  VehicleVerification ..> VehicleRequirements: private import ::*
