@startuml
' ToasterViews::toasterView — interconnection rendering (render asInterconnectionDiagram)
<style>
root {
  BackGroundColor white
  FontName SansSerif
  FontSize 14
  FontColor black
  LineColor #181818
  HorizontalAlignment left
}
element {
  BackGroundColor white
  LineColor #181818
  LineThickness 0.5
  RoundCorner 0
  Shadowing 0.0
}
start, end, activityBar {
  BackGroundColor black
}
arrow {
  LineColor #181818
  LineThickness 1
  FontSize 13
}
note {
  BackGroundColor #FEFFDD
  FontSize 13
}
.usage {
  RoundCorner 20
}
.package {
  LineThickness 1.5
}
.region {
  LineStyle 4
}
</style>
skinparam wrapWidth 300
hide stereotype
rectangle "<size:10>//«part def»//</size>\n**Toaster**" as n0 <<part def>> {
  rectangle "<size:10>//«part»//</size>\n**heating : HeatingSystem**" as n1 <<part>> <<usage>> {
    port "durationIn" as n1.0
  }
  rectangle "<size:10>//«part»//</size>\n**control : ControlSystem**" as n2 <<part>> <<usage>> {
    port "durationOut" as n2.0
  }
  rectangle "<size:10>//«part»//</size>\n**chassis : Chassis**" as n3 <<part>> <<usage>>
}
n2.0 -[thickness=3]- n1.0 : durationInterface
n2.0 -[dashed]-> n1.0 : of Real
@enduml
