@startuml
' MachineViews::thermostat — state rendering (view def StateTransitionView)
<style>
root {
  BackGroundColor white
  FontName SansSerif
  FontSize 14
  FontColor black
  LineColor #181818
  HorizontalAlignment left
}
element {
  BackGroundColor white
  LineColor #181818
  LineThickness 0.5
  RoundCorner 0
  Shadowing 0.0
}
start, end, activityBar {
  BackGroundColor black
}
arrow {
  LineColor #181818
  LineThickness 1
  FontSize 13
}
note {
  BackGroundColor #FEFFDD
  FontSize 13
}
.usage {
  RoundCorner 20
}
.package {
  LineThickness 1.5
}
.region {
  LineStyle 4
}
</style>
skinparam wrapWidth 300
hide stereotype
hide empty description
state "**Machines::Thermostat**\n<size:10>//«state def»//</size>" as n0 <<state def>> {
  state "**heating**\n<size:10>//«state»//</size>" as n1 <<state>> <<usage>>
  state "**idle**\n<size:10>//«state»//</size>" as n2 <<state>> <<usage>> {
    state "**drying**\n<size:10>//«state»//</size>" as n3 <<state>> <<usage>>
    state "**resting**\n<size:10>//«state»//</size>" as n4 <<state>> <<usage>>
    [*] --> n3 : [wet]
    [*] --> n4
  }
  state "**monitoring**\n<size:10>//«state»//</size>" as n5 <<state>> <<usage>> {
    state "**lights**\n<size:10>//«region»//</size>" as n6 <<region>> {
      state "**lit**\n<size:10>//«state»//</size>" as n8 <<state>> <<usage>>
      state "**unlit**\n<size:10>//«state»//</size>" as n9 <<state>> <<usage>>
      [*] --> n8 : [dark]
      [*] --> n9 : [not dark]
    }
    state "**fans**\n<size:10>//«region»//</size>" as n7 <<region>> {
      state "**off**\n<size:10>//«state»//</size>\ninitial" as n10 <<state>> <<usage>>
      state "**on**\n<size:10>//«state»//</size>" as n11 <<state>> <<usage>>
      [*] --> n10
    }
  }
  [*] --> n1 : [cold]
  [*] --> n2 : [not cold]
}
n1 --> n2
n2 --> n5
n10 --> n11
@enduml
