%% VehicleViews::vehicleView — tree rendering
flowchart TD
  n0["Vehicles::Vehicle<br>«part def»"]
  n1["engine : Engine<br>«part»"]
  n0 --- n1
  n2["wheels : Wheel<br>«part»"]
  n0 --- n2
  n3["connect"]
  n0 --- n3
  n4["VehicleViews::vehicleView::engineSubview<br>«view»"]
  n5["Vehicles::Engine<br>«part def»"]
  n6["power<br>«attribute»"]
  n5 --- n6
  n7["cylinder : Cylinder<br>«part»"]
  n5 --- n7
  n4 --- n5
