(RootNamespace
  (Membership visibility="default"
    (Package name="UnbracedActionBodyBoundary" library=false standard=false
      (Membership visibility="default"
        (Usage kind="action" name="tally" ref=false direction="none" composite=false derived=false ordered=false nonunique=false
          (Membership visibility="default"
            (Usage kind="attribute" name="total" ref=false direction="none" composite=false derived=false ordered=false nonunique=false
              (LiteralReal value="0.0")))
          (InitialNode name="start" successor="")
          (Membership visibility="default"
            (Usage kind="action" name="bump" ref=false direction="none" composite=false derived=false ordered=false nonunique=false node=true
              (*ast.AssignmentActionNode)))
          (FinalNode)
          (Membership visibility="default"
            (Usage kind="succession" name="" ref=false direction="none" composite=false derived=false ordered=false nonunique=false
              (ConnectorEnd target="start"
                (*ast.QualifiedName))
              (ConnectorEnd target="bump"
                (*ast.QualifiedName))))
          (Membership visibility="default"
            (Usage kind="succession" name="" ref=false direction="none" composite=false derived=false ordered=false nonunique=false
              (ConnectorEnd target="bump"
                (*ast.QualifiedName))
              (ConnectorEnd target="done"
                (*ast.QualifiedName))))))
      (Membership visibility="default"
        (Usage kind="action" name="edgesFirst" ref=false direction="none" composite=false derived=false ordered=false nonunique=false
          (Membership visibility="default"
            (Usage kind="attribute" name="total" ref=false direction="none" composite=false derived=false ordered=false nonunique=false
              (LiteralReal value="0.0")))
          (InitialNode name="start" successor="")
          (Membership visibility="default"
            (Usage kind="action" name="bump" ref=false direction="none" composite=false derived=false ordered=false nonunique=false node=true
              (*ast.AssignmentActionNode)))
          (Membership visibility="default"
            (Usage kind="succession" name="" ref=false direction="none" composite=false derived=false ordered=false nonunique=false
              (ConnectorEnd target="start"
                (*ast.QualifiedName))
              (ConnectorEnd target="bump"
                (*ast.QualifiedName))))
          (Membership visibility="default"
            (Usage kind="succession" name="" ref=false direction="none" composite=false derived=false ordered=false nonunique=false
              (ConnectorEnd target="bump"
                (*ast.QualifiedName))
              (ConnectorEnd target="done"
                (*ast.QualifiedName))))
          (FinalNode)))
      (Membership visibility="default"
        (Usage kind="action" name="chained" ref=false direction="none" composite=false derived=false ordered=false nonunique=false
          (Membership visibility="default"
            (Usage kind="attribute" name="x" ref=false direction="none" composite=false derived=false ordered=false nonunique=false
              (LiteralInteger value="0")))
          (Membership visibility="default"
            (Usage kind="attribute" name="y" ref=false direction="none" composite=false derived=false ordered=false nonunique=false
              (LiteralInteger value="0")))
          (Membership visibility="default"
            (Usage kind="action" name="steps" ref=false direction="none" composite=false derived=false ordered=false nonunique=false node=true
              (*ast.AssignmentActionNode)
              (*ast.AssignmentActionNode))))))))