(RootNamespace
  (Membership visibility="default"
    (Definition kind="action" abstract=false variation=false name="MixedParamsAction"
      (Membership visibility="default"
        (Usage kind="attribute" name="input1" ref=false direction="in" composite=false derived=false ordered=false nonunique=false
          (Relationship kind="typing" target=Real
            (*ast.QualifiedName))))
      (Membership visibility="default"
        (Usage kind="attribute" name="input2" ref=false direction="in" composite=false derived=false ordered=false nonunique=false
          (Relationship kind="typing" target=Integer
            (*ast.QualifiedName))
          (Multiplicity range=true
            (LiteralInteger value="0")
            (LiteralInfinity))))
      (Membership visibility="default"
        (Usage kind="attribute" name="output" ref=false direction="out" composite=false derived=false ordered=false nonunique=false
          (Relationship kind="typing" target=String
            (*ast.QualifiedName))))
      (Membership visibility="default"
        (Usage kind="attribute" name="counter" ref=false direction="inout" composite=false derived=false ordered=false nonunique=false
          (Relationship kind="typing" target=Integer
            (*ast.QualifiedName))))
      (Usage kind="action" name="step1" ref=false direction="none" composite=false derived=false ordered=false nonunique=false)
      (Membership visibility="default"
        (Usage kind="action" name="step2" ref=false direction="none" composite=false derived=false ordered=false nonunique=false
          (Membership visibility="default"
            (Usage kind="attribute" name="x" ref=false direction="in" composite=false derived=false ordered=false nonunique=false
              (Relationship kind="typing" target=Real
                (*ast.QualifiedName))))
          (Membership visibility="default"
            (Usage kind="attribute" name="y" ref=false direction="out" composite=false derived=false ordered=false nonunique=false
              (Relationship kind="typing" target=String
                (*ast.QualifiedName))))))
      (Usage kind="action" name="step3" ref=false direction="none" composite=false derived=false ordered=false nonunique=false))))