(RootNamespace
  (Membership visibility="default"
    (Package name="library" library=false standard=false
      (Membership visibility="default"
        (Definition kind="calc" abstract=false variation=false name="Scale"
          (Membership visibility="default"
            (Usage kind="attribute" name="x" ref=false direction="in" composite=false derived=false ordered=false nonunique=false
              (Relationship kind="typing" target=Integer
                (*ast.QualifiedName))))
          (Membership visibility="default"
            (Usage kind="attribute" name="factor" ref=false direction="in" composite=false derived=false ordered=false nonunique=false
              (Relationship kind="typing" target=Integer
                (*ast.QualifiedName))
              (LiteralInteger value="2")))
          (OperatorExpr operator="*"
            (FeatureReference name="x")
            (FeatureReference name="factor"))))
      (Membership visibility="default"
        (Usage kind="calc" name="combine" ref=false direction="none" composite=false derived=false ordered=false nonunique=false
          (Membership visibility="default"
            (Usage kind="attribute" name="a" ref=false direction="in" composite=false derived=false ordered=false nonunique=false
              (Relationship kind="typing" target=Integer
                (*ast.QualifiedName))))
          (Membership visibility="default"
            (Usage kind="attribute" name="b" ref=false direction="in" composite=false derived=false ordered=false nonunique=false
              (Relationship kind="typing" target=Integer
                (*ast.QualifiedName))))
          (OperatorExpr operator="+"
            (InvocationExpr type="double"
              (FeatureReference name="a"))
            (InvocationExpr type="double"
              (FeatureReference name="b")))))
      (Membership visibility="default"
        (Usage kind="calc" name="double" ref=false direction="none" composite=false derived=false ordered=false nonunique=false
          (Membership visibility="default"
            (Usage kind="attribute" name="x" ref=false direction="in" composite=false derived=false ordered=false nonunique=false
              (Relationship kind="typing" target=Integer
                (*ast.QualifiedName))))
          (OperatorExpr operator="*"
            (FeatureReference name="x")
            (LiteralInteger value="2"))))
      (Membership visibility="default"
        (Usage kind="calc" name="scaled" ref=false direction="none" composite=false derived=false ordered=false nonunique=false
          (Relationship kind="typing" target=Scale
            (*ast.QualifiedName)))))))