(RootNamespace
  (Membership visibility="default"
    (Definition kind="constraint" abstract=false variation=false name="Bounded"
      (ForkNode name="f")
      (JoinNode name="j")
      (ConstraintMember assert=true negated=false
        (LiteralBool value=true))))
  (Membership visibility="default"
    (Definition kind="part" abstract=false variation=false name="Tank"
      (Membership visibility="default"
        (Usage kind="constraint" name="c" ref=false direction="none" composite=false derived=false ordered=false nonunique=false
          (MergeNode name="m")
          (DecisionNode name="d")
          (ConstraintMember assert=true negated=false
            (LiteralBool value=true))))))
  (Membership visibility="default"
    (Definition kind="requirement" abstract=false variation=false name="R"
      (RequireMember constraint="q"
        (MergeNode name="m"))
      (AssumeMember
        (ForkNode name="f"))))
  (Membership visibility="default"
    (Definition kind="part" abstract=false variation=false name="Pump"
      (Membership visibility="default"
        (Usage kind="constraint" name="c" ref=false direction="none" composite=false derived=false ordered=false nonunique=false prefix="assert"
          (DecisionNode name="d")))))
  (Membership visibility="default"
    (Definition kind="constraint" abstract=false variation=false name="Guarded"
      (Membership visibility="default"
        (Usage kind="attribute" name="y" ref=false direction="in" composite=false derived=false ordered=false nonunique=false
          (Relationship kind="typing" target=ScalarValues::Integer
            (*ast.QualifiedName))))
      (IfActionNode
        (OperatorExpr operator=">"
          (FeatureReference name="y")
          (LiteralInteger value="0"))
        (IfBranchNode kind="then"
          (ForkNode name="f")))
      (WhileLoopActionNode kind="while" variable=""
        (OperatorExpr operator=">"
          (FeatureReference name="y")
          (LiteralInteger value="0"))
        (JoinNode name="j"))
      (Membership visibility="default"
        (Usage kind="attribute" name="x" ref=false direction="none" composite=false derived=false ordered=false nonunique=false
          (LiteralInteger value="3")))
      (ConstraintMember assert=true negated=false
        (OperatorExpr operator=">"
          (FeatureReference name="y")
          (LiteralInteger value="0")))))
  (Membership visibility="default"
    (Definition kind="part" abstract=false variation=false name="Valve"
      (Membership visibility="default"
        (Usage kind="constraint" name="c" ref=false direction="none" composite=false derived=false ordered=false nonunique=false prefix="assert"
          (IfActionNode
            (OperatorExpr operator=">"
              (FeatureReference name="x")
              (LiteralInteger value="0"))
            (IfBranchNode kind="then"
              (DecisionNode name="d")))
          (ConstraintMember assert=true negated=false
            (OperatorExpr operator=">"
              (FeatureReference name="x")
              (LiteralInteger value="0")))))
      (Membership visibility="default"
        (Usage kind="constraint" name="c2" ref=false direction="none" composite=false derived=false ordered=false nonunique=false
          (ConstraintMember assert=true negated=false
            (OperatorExpr operator="if"
              (OperatorExpr operator=">"
                (FeatureReference name="x")
                (LiteralInteger value="0"))
              (LiteralBool value=true)
              (LiteralBool value=false)))))))
  (Membership visibility="default"
    (Definition kind="requirement" abstract=false variation=false name="Bounds"
      (RequireMember constraint="q"
        (IfActionNode
          (OperatorExpr operator=">"
            (FeatureReference name="x")
            (LiteralInteger value="0"))
          (IfBranchNode kind="then"
            (ForkNode name="f")))
        (ConstraintMember assert=true negated=false
          (OperatorExpr operator=">"
            (FeatureReference name="x")
            (LiteralInteger value="0"))))
      (AssumeMember
        (WhileLoopActionNode kind="while" variable=""
          (OperatorExpr operator=">"
            (FeatureReference name="x")
            (LiteralInteger value="0"))
          (JoinNode name="j")))
      (AssumeMember
        (ConstraintMember assert=true negated=false
          (OperatorExpr operator="if"
            (OperatorExpr operator=">"
              (FeatureReference name="x")
              (LiteralInteger value="0"))
            (LiteralBool value=true)
            (LiteralBool value=false))))))
  (Membership visibility="default"
    (Definition kind="requirement" abstract=false variation=false name="Ranged"
      (RequireMember
        (Membership visibility="default"
          (Usage kind="attribute" name="x" ref=false direction="in" composite=false derived=false ordered=false nonunique=false
            (Relationship kind="typing" target=ScalarValues::Real
              (*ast.QualifiedName))))
        (Membership visibility="default"
          (Usage kind="attribute" name="limit" ref=false direction="none" composite=false derived=false ordered=false nonunique=false
            (Relationship kind="typing" target=ScalarValues::Real
              (*ast.QualifiedName))
            (LiteralReal value="10.0")))
        (Membership visibility="default"
          (Usage kind="attribute" name="y" ref=false direction="none" composite=false derived=false ordered=false nonunique=false
            (OperatorExpr operator="+"
              (FeatureReference name="x")
              (LiteralReal value="1.0"))))
        (IfActionNode
          (OperatorExpr operator=">"
            (FeatureReference name="y")
            (FeatureReference name="limit"))
          (IfBranchNode kind="then"
            (ForkNode name="f")))
        (Usage kind="attribute" name="result" ref=false direction="out" composite=false derived=false ordered=false nonunique=false
          (Relationship kind="typing" target=ScalarValues::Boolean
            (*ast.QualifiedName)))
        (ConstraintMember assert=true negated=false
          (OperatorExpr operator="<"
            (FeatureReference name="y")
            (FeatureReference name="limit"))))
      (AssumeMember constraint="c"
        (Membership visibility="default"
          (Usage kind="attribute" name="z" ref=false direction="in" composite=false derived=false ordered=false nonunique=false
            (Relationship kind="typing" target=ScalarValues::Real
              (*ast.QualifiedName))))
        (Membership visibility="default"
          (Usage kind="attribute" name="" ref=false direction="none" composite=false derived=false ordered=false nonunique=false
            (Relationship kind="redefines" target=limit
              (*ast.QualifiedName))
            (LiteralReal value="5.0")))
        (Membership visibility="default"
          (PrefixMetadata type="Safety"))
        (ConstraintMember assert=true negated=false keyword="assert" name="inner"
          (Membership visibility="default"
            (Usage kind="attribute" name="w" ref=false direction="in" composite=false derived=false ordered=false nonunique=false
              (Relationship kind="typing" target=ScalarValues::Real
                (*ast.QualifiedName))))
          (ConstraintMember assert=true negated=false
            (OperatorExpr operator=">"
              (FeatureReference name="w")
              (LiteralReal value="0.0"))))
        (ConstraintMember assert=true negated=false
          (OperatorExpr operator=">"
            (FeatureReference name="z")
            (LiteralReal value="0.0"))))))
  (Membership visibility="default"
    (Definition kind="part" abstract=false variation=false name="Gauge"
      (Membership visibility="default"
        (Usage kind="constraint" name="c" ref=false direction="none" composite=false derived=false ordered=false nonunique=false prefix="assert"
          (Membership visibility="default"
            (Usage kind="attribute" name="w" ref=false direction="in" composite=false derived=false ordered=false nonunique=false
              (Relationship kind="typing" target=ScalarValues::Real
                (*ast.QualifiedName))))
          (Membership visibility="default"
            (Usage kind="attribute" name="k" ref=false direction="none" composite=false derived=false ordered=false nonunique=false
              (Relationship kind="typing" target=ScalarValues::Real
                (*ast.QualifiedName))
              (LiteralReal value="2.0")))
          (MergeNode name="m")
          (ConstraintMember assert=true negated=false
            (OperatorExpr operator=">"
              (OperatorExpr operator="*"
                (FeatureReference name="w")
                (FeatureReference name="k"))
              (LiteralReal value="0.0"))))))))