(RootNamespace
  (Membership visibility="default"
    (Package name="P" library=false standard=false
      (Membership visibility="default"
        (Definition kind="part" abstract=false variation=false name="X"))
      (Membership visibility="default"
        (Usage kind="metadata" name="" ref=false direction="none" composite=false derived=false ordered=false nonunique=false
          (Relationship kind="typing" target=M
            (*ast.QualifiedName))
          (Relationship kind="about" target=X
            (*ast.QualifiedName))))
      (Membership visibility="default"
        (Usage kind="metadata" name="" ref=false direction="none" composite=false derived=false ordered=false nonunique=false
          (Relationship kind="typing" target=M
            (*ast.QualifiedName))
          (Relationship kind="about" target=X
            (*ast.QualifiedName))
          (Membership visibility="default"
            (Usage kind="attribute" name="id" ref=false direction="none" composite=false derived=false ordered=false nonunique=false
              (LiteralString value="\"a\""))))))))