(RootNamespace
  (Membership visibility="default"
    (Definition kind="state" abstract=false variation=false name="TransitionVariants"
      (SubstateMember name="s1")
      (SubstateMember name="s2")
      (SubstateMember name="s3")
      (TransitionMember source="s1" target="s2"
        (FeatureReference name="event1"))
      (TransitionMember source="s2" target="s3")
      (Membership visibility="default"
        (Usage kind="attribute" name="stateData" ref=false direction="none" composite=false derived=false ordered=false nonunique=false
          (Relationship kind="typing" target=String
            (*ast.QualifiedName)))))))