(RootNamespace
  (Membership visibility="default"
    (Usage kind="state" name="TimedTriggers" ref=false direction="none" composite=false derived=false ordered=false nonunique=false
      (EntryMember)
      (SuccessionEdge source="@entry" target="start")
      (SubstateMember name="start")
      (SubstateMember name="waiting")
      (TransitionMember source="" target="working"
        (TimeEvent absolute=false
          (LiteralInteger value="10")))
      (SubstateMember name="working")
      (TransitionMember source="" target="done"
        (TimeEvent absolute=true
          (LiteralInteger value="15")))
      (TransitionMember source="" target="done"
        (ChangeEvent
          (FeatureReference name="working")))
      (Membership visibility="default"
        (Usage kind="succession" name="" ref=false direction="none" composite=false derived=false ordered=false nonunique=false
          (ConnectorEnd target="start"
            (*ast.QualifiedName))
          (ConnectorEnd target="waiting"
            (*ast.QualifiedName)))))))