(RootNamespace
  (Membership visibility="default"
    (Package name="PrefixMetadataMembers" library=false standard=false
      (Membership visibility="default"
        (Definition kind="metadata" abstract=false variation=false name="Rationale"))
      (Membership visibility="default"
        (Definition kind="metadata" abstract=false variation=false name="Meta"))
      (Membership visibility="default"
        (Usage kind="part" name="a" ref=false direction="none" composite=false derived=false ordered=false nonunique=false))
      (Membership visibility="default"
        (Usage kind="part" name="b" ref=false direction="none" composite=false derived=false ordered=false nonunique=false))
      (Membership visibility="default"
        (Dependency clients="a" suppliers="b"
          (PrefixMetadata type="Rationale")))
      (Membership visibility="default"
        (PrefixMetadata type="Meta" about="a, b"))
      (Membership visibility="default"
        (Dependency clients="a" suppliers="b")))))