step 1: token 1@select
  eval feature level -> 75
  eval literal 50 -> 50
eval operator > -> true
  eval feature level -> 75
  eval literal 70 -> 70
eval operator > -> true
choice step 2: decision select branches 1->warn, 2->alarm hold (unordered; took 2->alarm)
step 2: token 1@alarm
stmt assign handler
  eval literal 2 -> 2
step 3: token 1@done
step 4: no active tokens
