step 1: token 1@split
step 2: token 2@reader, token 3@gate
step 3: token 2@reader, token 3@sender
stmt send
  eval literal 7 -> 7
choice step 4: tokens 2@reader, 3@sender (unordered; took 3@sender first)
step 4: token 2@sync, token 3@sync
step 5: token 4@recorder
stmt assign received
  eval feature n -> 7
step 6: token 4@done
step 7: no active tokens
