exit: start
stmt assign temp
  eval literal 30 -> 30
enter: work
choice entering work: next a1(entry), b1(entry) (unordered; took a1(entry) first)
enter: a1
enter: b1
transition: start -> work
  eval feature temp -> 30
  eval literal 20 -> 20
eval operator > -> true
  eval feature temp -> 30
  eval literal 20 -> 20
eval operator > -> true
choice on change: next a1(exit), b1(exit) (unordered; took a1(exit) first)
exit: a1
choice on change: next a1->a2(effect), b1(exit) (unordered; took a1->a2(effect) first)
stmt assign last
  eval literal 1 -> 1
choice on change: next a2(entry), b1(exit) (unordered; took a2(entry) first)
enter: a2
transition: a1 -> a2 (event: change)
exit: b1
stmt assign last
  eval literal 2 -> 2
enter: b2
transition: b1 -> b2 (event: change)
