do: a1
stmt action body
enter action node: state behavior busy
    eval literal 1 -> 1
  eval index -> 1 [s]
do: a1
  stmt assign log
      eval feature log -> ""
      eval literal "busy " -> "busy "
    eval operator + -> "busy "
leave action node: state behavior busy
choice join sync: states a1, b1 react (unordered; took b1 first)
exit: b1
stmt assign log
    eval feature log -> "busy "
    eval literal "b " -> "b "
  eval operator + -> "busy b "
exit: a1
stmt assign log
    eval feature log -> "busy b "
    eval literal "a " -> "a "
  eval operator + -> "busy b a "
exit: Work
stmt assign log
    eval feature log -> "busy b a "
    eval literal "sync" -> "sync"
  eval operator + -> "busy b a sync"
enter: done
transition: Work -> done (event: time)
