exit: start
enter: Working
enter: lstart
enter: rstart
transition: start -> Working
exit: lstart
enter: deep
enter: dstart
transition: lstart -> deep
exit: rstart
enter: r1
transition: rstart -> r1
exit: dstart
enter: d1
transition: dstart -> d1
choice on accept Tick: states d1, r1 react (unordered; took d1 first)
exit: d1
stmt assign log
      eval feature log -> 0
      eval literal 10 -> 10
    eval operator * -> 0
    eval literal 1 -> 1
  eval operator + -> 1
enter: d2
transition: d1 -> d2 (event: accept Tick)
exit: r1
stmt assign log
      eval feature log -> 1
      eval literal 10 -> 10
    eval operator * -> 10
    eval literal 2 -> 2
  eval operator + -> 12
enter: r2
transition: r1 -> r2 (event: accept Tick)
