choice on accept Go: states ia, b1 react (unordered; took b1 first)
choice join sync: states ia, b1 react (unordered; took ia first)
exit: a1 (exit action)
stmt action body
  stmt assign log
      eval feature log -> ""
      eval literal "a1(exit) " -> "a1(exit) "
    eval operator + -> "a1(exit) "
exit: ia (exit action)
stmt action body
  stmt assign log
      eval feature log -> "a1(exit) "
      eval literal "ia(exit) " -> "ia(exit) "
    eval operator + -> "a1(exit) ia(exit) "
stmt assign log
    eval feature log -> "a1(exit) ia(exit) "
    eval literal "a " -> "a "
  eval operator + -> "a1(exit) ia(exit) a "
exit: b1 (exit action)
stmt action body
  stmt assign log
      eval feature log -> "a1(exit) ia(exit) a "
      eval literal "b1(exit) " -> "b1(exit) "
    eval operator + -> "a1(exit) ia(exit) a b1(exit) "
stmt assign log
    eval feature log -> "a1(exit) ia(exit) a b1(exit) "
    eval literal "b " -> "b "
  eval operator + -> "a1(exit) ia(exit) a b1(exit) b "
exit: Work (exit action)
stmt action body
  stmt assign log
      eval feature log -> "a1(exit) ia(exit) a b1(exit) b "
      eval literal "work(exit) " -> "work(exit) "
    eval operator + -> "a1(exit) ia(exit) a b1(exit) b work(exit) "
stmt assign log
    eval feature log -> "a1(exit) ia(exit) a b1(exit) b work(exit) "
    eval literal "sync" -> "sync"
  eval operator + -> "a1(exit) ia(exit) a b1(exit) b work(exit) sync"
enter: done
transition: Work -> done (event: accept Go)
