step 1: token 1@split
step 2: token 2@left, token 3@right
stmt assign x
  eval literal 1 -> 1
stmt assign leftRan
  eval literal true -> true
stmt assign x
  eval literal 2 -> 2
stmt assign rightRan
  eval literal true -> true
choice step 3: writes x := 1 by token 2, x := 2 by token 3 (unordered; x := 2 by token 3 stood)
choice step 3: tokens 2@left, 3@right (unordered; took 2@left first)
step 3: token 2@sync, token 3@sync
step 4: token 4@done
step 5: no active tokens
