step 1: token 1@a
step 2: token 1@a, token 2@a
stmt if
    eval feature c -> 0
    eval literal 1 -> 1
  eval operator < -> true
  stmt assign c
      eval feature c -> 0
      eval literal 1 -> 1
    eval operator + -> 1
stmt if
    eval feature c -> 1
    eval literal 1 -> 1
  eval operator < -> false
choice step 3: tokens 1@a, 2@a (unordered; took 1@a first)
step 3: token 2@done
step 4: no active tokens
