stmt for i
    eval literal 1 -> 1
    eval literal 3 -> 3
  eval operator .. -> (1, 2, 3)
  iteration 1
    stmt assign c
        eval feature c -> 0
        eval feature i -> 1
      eval operator + -> 1
  iteration 2
    stmt assign c
        eval feature c -> 1
        eval feature i -> 2
      eval operator + -> 3
  iteration 3
    stmt assign c
        eval feature c -> 3
        eval feature i -> 3
      eval operator + -> 6
stmt while
  iteration 1
      eval feature e -> 0
      eval literal 3 -> 3
    eval operator < -> true
    stmt assign e
        eval feature e -> 0
        eval literal 1 -> 1
      eval operator + -> 1
  iteration 2
      eval feature e -> 1
      eval literal 3 -> 3
    eval operator < -> true
    stmt assign e
        eval feature e -> 1
        eval literal 1 -> 1
      eval operator + -> 2
  iteration 3
      eval feature e -> 2
      eval literal 3 -> 3
    eval operator < -> true
    stmt assign e
        eval feature e -> 2
        eval literal 1 -> 1
      eval operator + -> 3
  iteration 4
      eval feature e -> 3
      eval literal 3 -> 3
    eval operator < -> false
stmt if
  eval literal true -> true
  stmt assign d
    eval literal 1 -> 1
choice step 1: tokens 1@if, 2@while, 3@for i (unordered; took 3@for i first)
step 1: no active tokens
