step 1: token 1@accumulate
stmt while
  iteration 1
      eval feature total -> 0
      eval literal 5 -> 5
    eval operator < -> true
    stmt assign total
        eval feature total -> 0
        eval literal 1 -> 1
      eval operator + -> 1
  iteration 2
      eval feature total -> 1
      eval literal 5 -> 5
    eval operator < -> true
    stmt assign total
        eval feature total -> 1
        eval literal 1 -> 1
      eval operator + -> 2
  iteration 3
      eval feature total -> 2
      eval literal 5 -> 5
    eval operator < -> true
    stmt assign total
        eval feature total -> 2
        eval literal 1 -> 1
      eval operator + -> 3
  iteration 4
      eval feature total -> 3
      eval literal 5 -> 5
    eval operator < -> true
    stmt assign total
        eval feature total -> 3
        eval literal 1 -> 1
      eval operator + -> 4
  iteration 5
      eval feature total -> 4
      eval literal 5 -> 5
    eval operator < -> true
    stmt assign total
        eval feature total -> 4
        eval literal 1 -> 1
      eval operator + -> 5
  iteration 6
      eval feature total -> 5
      eval literal 5 -> 5
    eval operator < -> false
step 2: token 1@done
step 3: no active tokens
