step 1: token 1@iterate
stmt for i
    eval literal 1 -> 1
    eval literal 3 -> 3
  eval operator .. -> (1, 2, 3)
  iteration 1
    stmt assign ranged
        eval feature ranged -> 0
        eval feature i -> 1
      eval operator + -> 1
  iteration 2
    stmt assign ranged
        eval feature ranged -> 1
        eval feature i -> 2
      eval operator + -> 3
  iteration 3
    stmt assign ranged
        eval feature ranged -> 3
        eval feature i -> 3
      eval operator + -> 6
stmt for x
    enter calc ControlFunctions::select
      eval feature xs -> (1, 2, 3)
      eval body -> expr(body)
      bind collection = (1, 2, 3) [argument]
      bind selector = expr(body) [argument]
        eval feature y -> 1
        eval literal 1 -> 1
      eval operator > -> false
        eval feature y -> 2
        eval literal 1 -> 1
      eval operator > -> true
        eval feature y -> 3
        eval literal 1 -> 1
      eval operator > -> true
    exit calc ControlFunctions::select -> (2, 3)
  eval invoke select -> (2, 3)
  iteration 1
    stmt assign filtered
        eval feature filtered -> 0
        eval feature x -> 2
      eval operator + -> 2
  iteration 2
    stmt assign filtered
        eval feature filtered -> 2
        eval feature x -> 3
      eval operator + -> 5
stmt for c
    eval literal 3 -> 3
    enter calc test::Above
      bind n = 3 [argument]
      stmt return
          enter calc ControlFunctions::select
              eval literal 1 -> 1
              eval feature n -> 3
            eval operator .. -> (1, 2, 3)
            eval body -> expr(body)
            bind collection = (1, 2, 3) [argument]
            bind selector = expr(body) [argument]
              eval feature i -> 1
              eval literal 1 -> 1
            eval operator > -> false
              eval feature i -> 2
              eval literal 1 -> 1
            eval operator > -> true
              eval feature i -> 3
              eval literal 1 -> 1
            eval operator > -> true
          exit calc ControlFunctions::select -> (2, 3)
        eval invoke select -> (2, 3)
    exit calc test::Above -> (2, 3)
  eval invoke Above -> (2, 3)
  iteration 1
    stmt assign returned
        eval feature returned -> 0
        eval feature c -> 2
      eval operator + -> 2
  iteration 2
    stmt assign returned
        eval feature returned -> 2
        eval feature c -> 3
      eval operator + -> 5
stmt for e
  eval feature nothing -> null
stmt for d
    eval literal 3 -> 3
    eval literal 1 -> 1
  eval operator .. -> ()
step 2: token 1@done
step 3: no active tokens
