step 1: token 1@s
stmt assign v
  eval literal 2.0 -> 2.0
stmt assign doubled
    enter calc test::CalcOrder::s::t
      eval feature v -> 2.0
      bind k = 2.0 [default]
    exit calc test::CalcOrder::s::t
      eval feature k -> 2.0
      eval literal 2.0 -> 2.0
    eval operator * -> 4.0
    output test::CalcOrder::s::t.d = 4.0
  eval chain d -> 4.0
step 2: token 1@done
step 3: no active tokens
