step 1: token 1@split
step 2: token 2@left1, token 3@right
stmt assign x
  eval literal 2 -> 2
stmt assign x
  eval literal 1 -> 1
choice step 3: writes x := 1 by token 2, x := 2 by token 3 (unordered; x := 1 by token 2 stood)
choice step 3: tokens 2@left1, 3@right (unordered; took 3@right first)
step 3: token 2@left2, token 3@sync
stmt assign y
  eval feature x -> 1
step 4: token 2@sync, token 3@sync
step 5: token 4@done
step 6: no active tokens
