step 1: token 1@split
step 2: token 2@hare, token 3@tortoise
stmt assign winner
  eval literal "hare" -> "hare"
stmt assign hareRan
  eval literal true -> true
stmt assign winner
  eval literal "tortoise" -> "tortoise"
stmt assign tortoiseRan
  eval literal true -> true
choice step 3: writes winner := "hare" by token 2, winner := "tortoise" by token 3 (unordered; winner := "tortoise" by token 3 stood)
choice step 3: tokens 2@hare, 3@tortoise (unordered; took 2@hare first)
step 3: token 2@finish, token 3@finish
step 4: token 4@done
step 5: no active tokens
