step 1: token 1@f
step 2: token 2@a, token 3@b
eval feature c -> 0
eval feature c -> 0
choice step 3: tokens 2@a, 3@b (unordered; took 2@a first)
step 3: token 2@a, token 3@b
stmt assign c
    eval feature t -> 0
    eval literal 1 -> 1
  eval operator + -> 1
stmt assign c
    eval feature t -> 0
    eval literal 1 -> 1
  eval operator + -> 1
choice step 4: writes c := 1 by token 2, c := 1 by token 3 (unordered; c := 1 by token 3 stood)
choice step 4: tokens 2@a, 3@b (unordered; took 2@a first)
step 4: token 2@j, token 3@j
step 5: token 4@done
step 6: no active tokens
