step 1: token 1@a
step 2: token 1@a, token 2@a
stmt assign c
    eval feature c -> 0
    eval literal 10 -> 10
  eval operator + -> 10
stmt assign c
    eval feature c -> 10
    eval literal 1 -> 1
  eval operator + -> 11
stmt assign c
    eval feature c -> 11
    eval literal 10 -> 10
  eval operator + -> 21
stmt assign c
    eval feature c -> 21
    eval literal 1 -> 1
  eval operator + -> 22
choice step 3: writes c := 22 by token 1, c := 11 by token 2 (unordered; c := 22 by token 1 stood)
choice step 3: tokens 1@a, 2@a (unordered; took 2@a first)
step 3: token 1@done
step 4: no active tokens
