step 1: token 1@zero
stmt assign y
  eval literal 0 -> 0
step 2: token 1@again
  eval feature inputObject1 -> 0
  eval feature inputObject2 -> ()
eval sequence of 2 -> (0)
step 3: token 1@inc
enter action node: inc
step 4: token 1@assign y
stmt assign y
    eval feature x -> 0
    eval literal 1 -> 1
  eval operator + -> 1
step 5: token 1@assign n
stmt assign n
  eval feature y -> 1
leave action node: inc
step 6: token 1@check
  eval feature n -> 1
  eval literal 3 -> 3
eval operator < -> true
step 7: token 1@again
  eval feature inputObject1 -> ()
  eval feature inputObject2 -> 1
eval sequence of 2 -> (1)
step 8: token 1@inc
enter action node: inc
step 9: token 1@assign y
stmt assign y
    eval feature x -> 1
    eval literal 1 -> 1
  eval operator + -> 2
step 10: token 1@assign n
stmt assign n
  eval feature y -> 2
leave action node: inc
step 11: token 1@check
  eval feature n -> 2
  eval literal 3 -> 3
eval operator < -> true
step 12: token 1@again
  eval feature inputObject1 -> ()
  eval feature inputObject2 -> 2
eval sequence of 2 -> (2)
step 13: token 1@inc
enter action node: inc
step 14: token 1@assign y
stmt assign y
    eval feature x -> 2
    eval literal 1 -> 1
  eval operator + -> 3
step 15: token 1@assign n
stmt assign n
  eval feature y -> 3
leave action node: inc
step 16: token 1@check
  eval feature n -> 3
  eval literal 3 -> 3
eval operator < -> false
step 17: token 1@done
step 18: no active tokens
