exit: idle
enter: work
transition: idle -> work
do: work
stmt action body
enter action node: state behavior <anonymous>
  stmt assign c
    eval literal 0 -> 0
do: work
  stmt if
    eval literal true -> true
enter action node: branch body of state behavior <anonymous>
    eval feature c -> 0
    stmt assign c
        eval feature t -> 0
        eval literal 1 -> 1
      eval operator + -> 1
    eval feature c -> 1
    stmt assign c
        eval feature t -> 1
        eval literal 1 -> 1
      eval operator + -> 2
choice step 2: tokens 3@a, 4@b (unordered; took 3@a first)
leave action node: branch body of state behavior <anonymous>
leave action node: state behavior <anonymous>
exit: work
enter: finished
transition: work -> finished
