exit: idle
enter: work
choice entering work: next l1(entry), r1(entry) (unordered; took l1(entry) first)
enter: l1
enter: r1
choice entering work: next a1(entry), b1(entry) (unordered; took a1(entry) first)
enter: a1 (entry action)
stmt action body
  stmt assign log
      eval feature log -> ""
      eval literal "a1(entry) " -> "a1(entry) "
    eval operator + -> "a1(entry) "
enter: b1 (entry action)
stmt action body
  stmt assign log
      eval feature log -> "a1(entry) "
      eval literal "b1(entry) " -> "b1(entry) "
    eval operator + -> "a1(entry) b1(entry) "
transition: idle -> work (event: accept Go)
do: l1
stmt action body
  stmt assign log
      eval feature log -> "a1(entry) b1(entry) "
      eval literal "did " -> "did "
    eval operator + -> "a1(entry) b1(entry) did "
