exit: idle
choice fork split: next split->a(effect), split->b(effect) (unordered; took split->b(effect) first)
enter: work
enter: b
enter: a
transition: idle -> split
exit: b
stmt assign log
    eval feature log -> ""
    eval literal "b " -> "b "
  eval operator + -> "b "
enter: b2
transition: b -> b2
exit: a
stmt assign log
    eval feature log -> "b "
    eval literal "a " -> "a "
  eval operator + -> "b a "
enter: a2
transition: a -> a2
