do: s
stmt action body
  stmt node wait
enter action node: wait
do: s
leave action node: wait
do: s
  stmt assign d
    eval literal 1 -> 1
do: s
  stmt terminate
terminate state behavior <anonymous>: no token dropped
exit: s
enter: t
  eval literal 1 -> 1
eval index -> 1 [SI::s]
transition: s -> t
exit: t
enter: u
transition: t -> u (event: time)
