exit: start (exit action)
stmt action body
  stmt assign log
      eval feature log -> "outer(entry);start(entry);"
      eval literal "start(exit);" -> "start(exit);"
    eval operator + -> "outer(entry);start(entry);start(exit);"
enter: inner (entry action)
stmt action body
  stmt assign log
      eval feature log -> "outer(entry);start(entry);start(exit);"
      eval literal "inner(entry);" -> "inner(entry);"
    eval operator + -> "outer(entry);start(entry);start(exit);inner(entry);"
transition: start -> inner (event: accept Go)
exit: inner (exit action)
stmt action body
  stmt assign log
      eval feature log -> "outer(entry);start(entry);start(exit);inner(entry);"
      eval literal "inner(exit);" -> "inner(exit);"
    eval operator + -> "outer(entry);start(entry);start(exit);inner(entry);inner(exit);"
stmt assign log
    eval feature log -> "outer(entry);start(entry);start(exit);inner(entry);inner(exit);"
    eval literal "up(effect);" -> "up(effect);"
  eval operator + -> "outer(entry);start(entry);start(exit);inner(entry);inner(exit);up(effect);"
transition: inner -> outer (event: accept Up)
exit: outer (exit action)
stmt action body
  stmt assign log
      eval feature log -> "outer(entry);start(entry);start(exit);inner(entry);inner(exit);up(effect);"
      eval literal "outer(exit);" -> "outer(exit);"
    eval operator + -> "outer(entry);start(entry);start(exit);inner(entry);inner(exit);up(effect);outer(exit);"
stmt assign log
    eval feature log -> "outer(entry);start(entry);start(exit);inner(entry);inner(exit);up(effect);outer(exit);"
    eval literal "leave(effect);" -> "leave(effect);"
  eval operator + -> "outer(entry);start(entry);start(exit);inner(entry);inner(exit);up(effect);outer(exit);leave(effect);"
enter: away (entry action)
stmt action body
  stmt assign log
      eval feature log -> "outer(entry);start(entry);start(exit);inner(entry);inner(exit);up(effect);outer(exit);leave(effect);"
      eval literal "away(entry);" -> "away(entry);"
    eval operator + -> "outer(entry);start(entry);start(exit);inner(entry);inner(exit);up(effect);outer(exit);leave(effect);away(entry);"
transition: outer -> away (event: accept Leave)
exit: away
stmt assign log
    eval feature log -> "outer(entry);start(entry);start(exit);inner(entry);inner(exit);up(effect);outer(exit);leave(effect);away(entry);"
    eval literal "back(effect);" -> "back(effect);"
  eval operator + -> "outer(entry);start(entry);start(exit);inner(entry);inner(exit);up(effect);outer(exit);leave(effect);away(entry);back(effect);"
enter: outer (entry action)
stmt action body
  stmt assign log
      eval feature log -> "outer(entry);start(entry);start(exit);inner(entry);inner(exit);up(effect);outer(exit);leave(effect);away(entry);back(effect);"
      eval literal "outer(entry);" -> "outer(entry);"
    eval operator + -> "outer(entry);start(entry);start(exit);inner(entry);inner(exit);up(effect);outer(exit);leave(effect);away(entry);back(effect);outer(entry);"
stmt assign log
    eval feature log -> "outer(entry);start(entry);start(exit);inner(entry);inner(exit);up(effect);outer(exit);leave(effect);away(entry);back(effect);outer(entry);"
    eval literal "default(effect);" -> "default(effect);"
  eval operator + -> "outer(entry);start(entry);start(exit);inner(entry);inner(exit);up(effect);outer(exit);leave(effect);away(entry);back(effect);outer(entry);default(effect);"
enter: start (entry action)
stmt action body
  stmt assign log
      eval feature log -> "outer(entry);start(entry);start(exit);inner(entry);inner(exit);up(effect);outer(exit);leave(effect);away(entry);back(effect);outer(entry);default(effect);"
      eval literal "start(entry);" -> "start(entry);"
    eval operator + -> "outer(entry);start(entry);start(exit);inner(entry);inner(exit);up(effect);outer(exit);leave(effect);away(entry);back(effect);outer(entry);default(effect);start(entry);"
transition: away -> start (event: accept Back)
exit: start (exit action)
stmt action body
  stmt assign log
      eval feature log -> "outer(entry);start(entry);start(exit);inner(entry);inner(exit);up(effect);outer(exit);leave(effect);away(entry);back(effect);outer(entry);default(effect);start(entry);"
      eval literal "start(exit);" -> "start(exit);"
    eval operator + -> "outer(entry);start(entry);start(exit);inner(entry);inner(exit);up(effect);outer(exit);leave(effect);away(entry);back(effect);outer(entry);default(effect);start(entry);start(exit);"
exit: outer (exit action)
stmt action body
  stmt assign log
      eval feature log -> "outer(entry);start(entry);start(exit);inner(entry);inner(exit);up(effect);outer(exit);leave(effect);away(entry);back(effect);outer(entry);default(effect);start(entry);start(exit);"
      eval literal "outer(exit);" -> "outer(exit);"
    eval operator + -> "outer(entry);start(entry);start(exit);inner(entry);inner(exit);up(effect);outer(exit);leave(effect);away(entry);back(effect);outer(entry);default(effect);start(entry);start(exit);outer(exit);"
enter: done
transition: start -> done (event: accept Finish)
