exit: start
enter: outer (entry action)
stmt action body
  stmt assign log
      eval feature log -> ""
      eval literal "outer(entry);" -> "outer(entry);"
    eval operator + -> "outer(entry);"
enter: first
transition: start -> outer (event: accept Go)
exit: first
enter: inner (entry action)
stmt action body
  stmt assign log
      eval feature log -> "outer(entry);"
      eval literal "inner(entry);" -> "inner(entry);"
    eval operator + -> "outer(entry);inner(entry);"
transition: first -> inner (event: accept Next)
exit: inner
exit: outer (exit action)
stmt action body
  stmt assign log
      eval feature log -> "outer(entry);inner(entry);"
      eval literal "outer(exit);" -> "outer(exit);"
    eval operator + -> "outer(entry);inner(entry);outer(exit);"
stmt assign log
    eval feature log -> "outer(entry);inner(entry);outer(exit);"
    eval literal "again(effect);" -> "again(effect);"
  eval operator + -> "outer(entry);inner(entry);outer(exit);again(effect);"
enter: outer (entry action)
stmt action body
  stmt assign log
      eval feature log -> "outer(entry);inner(entry);outer(exit);again(effect);"
      eval literal "outer(entry);" -> "outer(entry);"
    eval operator + -> "outer(entry);inner(entry);outer(exit);again(effect);outer(entry);"
enter: inner (entry action)
stmt action body
  stmt assign log
      eval feature log -> "outer(entry);inner(entry);outer(exit);again(effect);outer(entry);"
      eval literal "inner(entry);" -> "inner(entry);"
    eval operator + -> "outer(entry);inner(entry);outer(exit);again(effect);outer(entry);inner(entry);"
transition: inner -> inner (event: accept Again)
exit: inner
exit: outer (exit action)
stmt action body
  stmt assign log
      eval feature log -> "outer(entry);inner(entry);outer(exit);again(effect);outer(entry);inner(entry);"
      eval literal "outer(exit);" -> "outer(exit);"
    eval operator + -> "outer(entry);inner(entry);outer(exit);again(effect);outer(entry);inner(entry);outer(exit);"
stmt assign log
    eval feature log -> "outer(entry);inner(entry);outer(exit);again(effect);outer(entry);inner(entry);outer(exit);"
    eval literal "shallow(effect);" -> "shallow(effect);"
  eval operator + -> "outer(entry);inner(entry);outer(exit);again(effect);outer(entry);inner(entry);outer(exit);shallow(effect);"
enter: outer (entry action)
stmt action body
  stmt assign log
      eval feature log -> "outer(entry);inner(entry);outer(exit);again(effect);outer(entry);inner(entry);outer(exit);shallow(effect);"
      eval literal "outer(entry);" -> "outer(entry);"
    eval operator + -> "outer(entry);inner(entry);outer(exit);again(effect);outer(entry);inner(entry);outer(exit);shallow(effect);outer(entry);"
enter: first
transition: inner -> outer (event: accept Shallow)
exit: first
enter: inner (entry action)
stmt action body
  stmt assign log
      eval feature log -> "outer(entry);inner(entry);outer(exit);again(effect);outer(entry);inner(entry);outer(exit);shallow(effect);outer(entry);"
      eval literal "inner(entry);" -> "inner(entry);"
    eval operator + -> "outer(entry);inner(entry);outer(exit);again(effect);outer(entry);inner(entry);outer(exit);shallow(effect);outer(entry);inner(entry);"
transition: first -> inner (event: accept Next)
exit: inner
exit: outer (exit action)
stmt action body
  stmt assign log
      eval feature log -> "outer(entry);inner(entry);outer(exit);again(effect);outer(entry);inner(entry);outer(exit);shallow(effect);outer(entry);inner(entry);"
      eval literal "outer(exit);" -> "outer(exit);"
    eval operator + -> "outer(entry);inner(entry);outer(exit);again(effect);outer(entry);inner(entry);outer(exit);shallow(effect);outer(entry);inner(entry);outer(exit);"
enter: done
transition: inner -> done (event: accept Finish)
