exit: wstart
enter: waiting
  eval literal 10 -> 10
eval index -> 10 [s]
transition: wstart -> waiting
exit: cstart
enter: c0
  eval literal 12 -> 12
eval index -> 12 [s]
transition: cstart -> c0
exit: waiting
enter: away
  eval literal 4 -> 4
eval index -> 4 [s]
transition: waiting -> away (event: accept pause)
exit: away
enter: waiting
  eval literal 10 -> 10
eval index -> 10 [s]
transition: away -> waiting (event: time)
exit: c0
enter: c1 (entry action)
stmt assign log
      eval feature log -> 0
      eval literal 10 -> 10
    eval operator * -> 0
    eval literal 2 -> 2
  eval operator + -> 2
transition: c0 -> c1 (event: time)
exit: waiting
enter: late (entry action)
stmt assign log
      eval feature log -> 2
      eval literal 10 -> 10
    eval operator * -> 20
    eval literal 1 -> 1
  eval operator + -> 21
transition: waiting -> late (event: time)
