  eval feature x -> 5
  eval literal 0 -> 0
eval operator > -> true
  eval feature x -> 5
  eval literal 0 -> 0
eval operator > -> true
exit: active (exit action)
stmt assign x
  eval literal 0 -> 0
stmt assign y
  eval feature x -> 0
enter: finished (entry action)
stmt assign z
    eval feature y -> 0
    eval literal 1 -> 1
  eval operator + -> 1
transition: active -> finished (event: accept Go)
