exit: s (exit action)
stmt assign log
      eval feature log -> 1
      eval literal 10 -> 10
    eval operator * -> 10
    eval literal 2 -> 2
  eval operator + -> 12
stmt assign log
      eval feature log -> 12
      eval literal 10 -> 10
    eval operator * -> 120
    eval literal 9 -> 9
  eval operator + -> 129
enter: s (entry action)
stmt assign log
      eval feature log -> 129
      eval literal 10 -> 10
    eval operator * -> 1290
    eval literal 1 -> 1
  eval operator + -> 1291
transition: s -> s (event: accept again)
